// Jest Snapshot v1, https://goo.gl/fbAQLP

exports[`Dashboard Profile test Render the collective dashboard author profile area (all components) for a UQ researcher 1`] = `
<div
  className="imageCover"
>
  <div
    className="is-pulled-right"
  >
    <Connect(HelpIcon)
      buttonLabel="OK"
      text="Lorem ipsum dolor sit amet, consectetur adipiscing elit. Aenean aliquet ac risus et blandit. Vivamus varius ornare metus vitae sagittis. Donec erat urna, interdum vitae faucibus a, tempus eu orci. Aenean venenatis lacus eu sapien dignissim, non rhoncus dolor facilisis. Donec finibus tristique nunc nec facilisis. Pellentesque luctus libero faucibus ex mattis, vitae commodo nunc vehicula. Nam nec porttitor sapien. Sed rutrum, mauris id luctus eleifend, eros lectus auctor nibh, a eleifend est est eu nunc."
      title="Your dashboard profile"
    />
  </div>
  <div
    className="columns userDetails is-gapless"
  >
    <div
      className="column is-narrow authorAvatar"
    >
      <DashboardAuthorAvatar
        values={
          Object {
            "familyName": "Researcher",
            "givenName": "J",
            "title": "Professor",
            "uqr_id": 14,
          }
        }
      />
    </div>
    <div
      className="column authorDetails"
    >
      <DashboardAuthorDetails
        values={
          Object {
            "familyName": "Researcher",
            "givenName": "J",
            "orgUnits": Array [
              "Institute for Molecular Bioscience",
              "School of Chemistry and Molecular Biosciences",
              "The University of Queensland Diamantina Institute",
            ],
            "positions": Array [
              "Affiliate Professor",
              "Affiliate Professorial Res Fellow",
              "ARC Australian Laureate Fellow",
            ],
            "title": "Professor",
          }
        }
      />
      <DashboardResearcherIds
        values={
          Object {
            "google_scholar": "",
            "orcid": "0000-0001-1111-1111",
            "publons": "",
            "researcher": "G-111-1111",
            "scopus": "",
          }
        }
      />
    </div>
    <div
      className="column is-narrow is-hidden-tablet-only authorCount"
    >
      <DashboardArticleCount
        values={
          Object {
            "articleCount": "282",
            "articleFirstYear": 1990,
            "articleLastYear": 2017,
          }
        }
      />
    </div>
  </div>
</div>
`;
