// Jest Snapshot v1, https://goo.gl/fbAQLP

exports[`File upload dropzone snapshots tests renders default file upload dropzone component 1`] = `
<div>
  <Card
    className="layout-card"
    expandable={false}
    expanded={null}
    initiallyExpanded={false}
  >
    <CardHeader
      avatar={null}
      className="card-header"
    >
      <div
        className="columns is-gapless is-mobile"
      >
        <div
          className="column"
        >
          <h2
            className="title is-4"
          >
            Files
          </h2>
          <h4
            className="sub-title"
          >
            You may add up to 10 files (max 5Gb each)
          </h4>
        </div>
        <div
          className="column is-narrow is-helpicon"
        >
          <Connect(HelpIcon)
            text="Lorem ipsum dolor sit amet, consectetur adipiscing elit. Aenean aliquet ac risus et blandit. Vivamus varius ornare metus vitae sagittis. Donec erat urna, interdum vitae faucibus a, tempus eu orci. Aenean venenatis lacus eu sapien dignissim, non rhoncus dolor facilisis. Donec finibus tristique nunc nec facilisis. Pellentesque luctus libero faucibus ex mattis, vitae commodo nunc vehicula. Nam nec porttitor sapien. Sed rutrum, mauris id luctus eleifend, eros lectus auctor nibh, a eleifend est est eu nunc."
            title="Files"
          />
        </div>
      </div>
    </CardHeader>
    <CardText
      className="body-1"
    >
      <div
        className="columns"
        style={
          Object {
            "marginTop": "12px",
          }
        }
      >
        <div
          className="column"
          onKeyPress={[Function]}
          tabIndex="0"
        >
          <Dropzone
            disableClick={false}
            disablePreview={true}
            maxSize={Infinity}
            minSize={0}
            multiple={true}
            onDrop={[Function]}
            preventDropOnDocument={true}
            style={
              Object {
                "padding": "10px",
              }
            }
          >
            <div
              className="columns file-instructions"
            >
              <div
                className="column"
              >
                <h3>
                  File upload restrictions
                </h3>
                <div>
                  Please ensure your files:
                  <ul>
                    <li>
                      begin with a letter and are less than 45 characters long
                    </li>
                    <li>
                      contain only upper and lowercase alphanumeric characters, and underscores
                    </li>
                    <li>
                      have only a single period which precedes the file extension: “.pdf”
                    </li>
                    <li>
                      are uploaded individually and not inside a folder
                    </li>
                  </ul>
                </div>
              </div>
              <div
                className="column upload-instructions"
              >
                <FontIcon
                  className="material-icons"
                  onMouseEnter={[Function]}
                  onMouseLeave={[Function]}
                >
                  cloud_upload
                </FontIcon>
                <p>
                  Click here to select files, or drag files into this area to upload
                </p>
              </div>
            </div>
          </Dropzone>
        </div>
      </div>
      <Connect(FileMetadata)
        acceptedFiles={
          Array [
            Object {
              "name": "s12345678_test_file_archive.zip",
              "size": 5307669356,
              "type": "application/zip",
            },
          ]
        }
      />
    </CardText>
  </Card>
</div>
`;
